[36mvite v8.0.14 [32mbuilding client environment for production...[36m[39m [2K transforming...✓ 5777 modules transformed. rendering chunks... computing gzip size... dist/index.html                              0.60 kB │ gzip:   0.43 kB dist/assets/style-D6JlnjvG.css               7.46 kB │ gzip:   2.42 kB dist/assets/plus-Cu9K0K5_.js                 0.14 kB │ gzip:   0.14 kB dist/assets/search-Kh0lHC-G.js               0.16 kB │ gzip:   0.16 kB dist/assets/trending-up-CpOUaL7n.js          0.16 kB │ gzip:   0.16 kB dist/assets/upload-Daxmm_lp.js               0.21 kB │ gzip:   0.18 kB dist/assets/download-Cs7W_Ee9.js             0.22 kB │ gzip:   0.18 kB dist/assets/shield-CYuT7Vpk.js               0.26 kB │ gzip:   0.22 kB dist/assets/refresh-cw-CFXrk0Dg.js           0.31 kB │ gzip:   0.21 kB dist/assets/trash-2-DTjjU1Xa.js              0.31 kB │ gzip:   0.20 kB dist/assets/PlaceholderPage-CdxII2Xu.js      2.01 kB │ gzip:   1.04 kB dist/assets/OperationLog-U2V5lqfW.js         6.01 kB │ gzip:   2.23 kB dist/assets/Version-C92MChsv.js              7.20 kB │ gzip:   2.90 kB dist/assets/excelUtils-npGIQOIV.js           8.56 kB │ gzip:   3.42 kB dist/assets/CaseTimeline-BuBACisi.js         8.66 kB │ gzip:   3.23 kB dist/assets/ImportExport-Bi1zyhw0.js         9.01 kB │ gzip:   2.99 kB dist/assets/Backup-DWn3yyjU.js              10.50 kB │ gzip:   3.33 kB dist/assets/Statistics-edzTu7tU.js          12.47 kB │ gzip:   3.91 kB dist/assets/SettingsPage-B1uUTaKU.js        22.56 kB │ gzip:   8.05 kB dist/assets/ModulePage-CBb-cgzc.js          65.17 kB │ gzip:  21.36 kB dist/assets/Attachments-3WNih4de.js        105.31 kB │ gzip:  32.07 kB dist/assets/tag-De2-_jNv.js                247.52 kB │ gzip:  75.53 kB dist/assets/FileSaver.min-oWi6zm-y.js      423.85 kB │ gzip: 141.57 kB dist/assets/index-CQjnRqbJ.js            1,177.51 kB │ gzip: 360.53 kB dist/assets/Dashboard-DI70-WhW.js        1,180.64 kB │ gzip: 390.08 kB  [32m✓ built in 2.10s[39m [33m[plugin builtin:vite-reporter]  (!) Some chunks are larger than 500 kB after minification. Consider: - Using dynamic import() to code-split the application - Use build.rolldownOptions.output.codeSplitting to improve chunking: https://rolldown.rs/reference/OutputOptions.codeSplitting - Adjust chunk size limit for this warning via build.chunkSizeWarningLimit.[39m